[
    {
        "Architecture": "arm64",
        "Author": "",
        "Comment": "buildkit.dockerfile.v0",
        "Config": {
            "AttachStderr": false,
            "AttachStdin": false,
            "AttachStdout": false,
            "Cmd": [
                "python3"
            ],
            "Domainname": "",
            "Entrypoint": null,
            "Env": [
                "PATH=/usr/local/bin:/usr/local/sbin:/usr/local/bin:/usr/sbin:/usr/bin:/sbin:/bin",
                "LANG=C.UTF-8",
                "GPG_KEY=7169605F62C751356D054A26A821E680E5FA6305",
                "PYTHON_VERSION=3.12.14",
                "PYTHON_SHA256=5c8462af5790baf43a321a1559dbe0db06d1be4300fb85fb53c40060668e548a"
            ],
            "Hostname": "",
            "Image": "",
            "Labels": null,
            "OnBuild": null,
            "OpenStdin": false,
            "StdinOnce": false,
            "Tty": false,
            "User": "",
            "Volumes": null,
            "WorkingDir": ""
        },
        "Created": "2026-08-31T23:50:54.422594423Z",
        "DockerVersion": "",
        "GraphDriver": {
            "Data": null,
            "Name": "overlayfs"
        },
        "Id": "sha256:78387bc3881b8273120a12ebe6c1ab22b018ccc2c9adf565ae1ac9b536e184ea",
        "Metadata": {
            "LastTagTime": "2026-09-28T07:57:41.23303975Z"
        },
        "Os": "linux",
        "Parent": "",
        "RepoDigests": [
            "python@sha256:78387bc3881b8273120a12ebe6c1ab22b018ccc2c9adf565ae1ac9b536e184ea"
        ],
        "RepoTags": [
            "python:3.12-slim",
            "python@sha256:78387bc3881b8273120a12ebe6c1ab22b018ccc2c9adf565ae1ac9b536e184ea"
        ],
        "RootFS": {
            "Layers": [
                "sha256:41d6505109809884e681a97f978542a2d4d3506af0124f18b3f3a471edfcc9b7",
                "sha256:c26df6d1045bcd70c62e835f44e2ce60fef71630493a92f17faa184941c0af7f",
                "sha256:1fb14899b8ee7fc3e7a87a848cb065309798a1d922935345520f4d51701287e0",
                "sha256:de965252ed39aa516a700a7d73a3441f6aceb27dca16b329e958c447d191347b"
            ],
            "Type": "layers"
        },
        "Size": 46835625,
        "Variant": "v8"
    }
]
