    Checking cfg-if v1.0.4
    Checking pin-project-lite v0.2.17
    Checking bytes v1.12.1
    Checking itoa v1.0.18
    Checking libc v0.2.189
    Checking futures-core v0.3.34
    Checking typenum v1.20.1
    Checking bitflags v2.13.1
    Checking once_cell v1.21.4
    Checking try-lock v0.2.5
    Checking serde_core v1.0.229
    Checking httparse v1.10.1
    Checking smallvec v1.16.0
    Checking option-ext v0.2.0
    Checking want v0.3.1
    Checking futures-channel v0.3.34
    Checking atomic-waker v1.1.2
    Checking subtle v2.6.1
    Checking tracing-core v0.1.36
    Checking futures-task v0.3.34
    Checking zmij v1.0.23
    Checking zstd-sys v2.1.0+zstd.1.5.7
    Checking simd-adler32 v0.3.10
    Checking adler2 v2.0.1
    Checking memchr v2.8.3
    Checking futures-util v0.3.34
    Checking tower-service v0.3.3
    Checking zstd-safe v7.3.0
    Checking http v1.5.0
    Checking thiserror v2.0.20
    Checking miniz_oxide v0.9.1
    Checking crc32fast v1.5.1
    Checking generic-array v0.14.7
    Checking fastrand v2.5.0
    Checking verus_builtin v0.0.0-2026-05-17-0151
    Checking zstd v0.13.3
    Checking errno v0.3.14
    Checking socket2 v0.6.5
    Checking mio v1.2.3
    Checking getrandom v0.4.3
    Checking dirs-sys v0.5.0
    Checking tracing v0.1.44
    Checking signal-hook-registry v1.4.8
    Checking rustix v1.1.4
    Checking filetime v0.2.29
    Checking uuid v1.26.0
    Checking dirs v6.0.0
    Checking cpufeatures v0.2.17
    Checking crypto-common v0.1.7
    Checking block-buffer v0.10.4
    Checking nix v0.29.0
    Checking tokio v1.53.1
    Checking flate2 v1.1.10
    Checking vstd v0.0.0-2026-07-12-0122
    Checking http-body v1.1.0
    Checking digest v0.10.7
    Checking http-body-util v0.1.5
    Checking sha2 v0.10.9
    Checking hmac v0.12.1
    Checking serde_json v1.0.151
    Checking serde v1.0.229
    Checking xattr v1.6.1
    Checking tempfile v3.27.0
    Checking tar v0.4.46
    Checking hyper v1.11.1
    Checking hyper-util v0.1.20
    Checking roche-core v0.6.0 (https://github.com/substratum-labs/roche.git?rev=039d9125c5acec38751c3a6434446f4a21e68afc#039d9125)
    Checking castor-kernel v0.1.0 (/Users/yong/projects/substratum/castor/.worktrees/t377-zero-model-replay/kernel)
    Finished `dev` profile [unoptimized + debuginfo] target(s) in 4.55s
