    Finished `test` profile [unoptimized + debuginfo] target(s) in 0.32s
     Running unittests src/lib.rs (/private/tmp/t377-cargo-target/debug/deps/castor_kernel-13b2fe834be83d82)
     Running unittests src/bin/castor.rs (/private/tmp/t377-cargo-target/debug/deps/castor-8bf4d6df306c0006)
     Running unittests src/bin/castord.rs (/private/tmp/t377-cargo-target/debug/deps/castord-62c3f34d72b8949d)
     Running tests/action_payload_binding_contract.rs (/private/tmp/t377-cargo-target/debug/deps/action_payload_binding_contract-1c43e7ca9ad17797)
     Running tests/actuator_delivery_contract.rs (/private/tmp/t377-cargo-target/debug/deps/actuator_delivery_contract-e83704de8ccb5d18)
     Running tests/bound_interaction_payload_contract.rs (/private/tmp/t377-cargo-target/debug/deps/bound_interaction_payload_contract-2ebae56b00c10ae8)
     Running tests/c01_durable_storage_contract.rs (/private/tmp/t377-cargo-target/debug/deps/c01_durable_storage_contract-d60affa941b0bbf8)
     Running tests/c02_execution_authority_contract.rs (/private/tmp/t377-cargo-target/debug/deps/c02_execution_authority_contract-813928320cc7b433)
     Running tests/c03_interaction_contract.rs (/private/tmp/t377-cargo-target/debug/deps/c03_interaction_contract-194818352a40c7b4)
     Running tests/c05_admission_settlement_contract.rs (/private/tmp/t377-cargo-target/debug/deps/c05_admission_settlement_contract-bd2cadcae06166dc)
     Running tests/c06_capability_execution_contract.rs (/private/tmp/t377-cargo-target/debug/deps/c06_capability_execution_contract-daf5bdf852cd33c2)
     Running tests/castord_vertical.rs (/private/tmp/t377-cargo-target/debug/deps/castord_vertical-4675bb58c19e971c)
     Running tests/cognitive_recovery_contract.rs (/private/tmp/t377-cargo-target/debug/deps/cognitive_recovery_contract-94db8cc01face02b)
     Running tests/d1_durability_contract.rs (/private/tmp/t377-cargo-target/debug/deps/d1_durability_contract-82434bef554a64bb)
     Running tests/evidence_settlement_boundary.rs (/private/tmp/t377-cargo-target/debug/deps/evidence_settlement_boundary-c8b4c291fca32b26)
     Running tests/governed_turn_composition_contract.rs (/private/tmp/t377-cargo-target/debug/deps/governed_turn_composition_contract-071b715baf9f97e8)
     Running tests/host_aisa_gateway_contract.rs (/private/tmp/t377-cargo-target/debug/deps/host_aisa_gateway_contract-4b5db1daaff7a081)
     Running tests/hostile_harness.rs (/private/tmp/t377-cargo-target/debug/deps/hostile_harness-de24665a4bc1a9c3)
     Running tests/hostile_verifier_contract.rs (/private/tmp/t377-cargo-target/debug/deps/hostile_verifier_contract-df5e98ada70b2eb2)
     Running tests/live_microbenchmarks.rs (/private/tmp/t377-cargo-target/debug/deps/live_microbenchmarks-6443e511b7665653)
     Running tests/one_shot_cli_contract.rs (/private/tmp/t377-cargo-target/debug/deps/one_shot_cli_contract-71a1af02c9ffcb16)
     Running tests/one_shot_image_builder_contract.rs (/private/tmp/t377-cargo-target/debug/deps/one_shot_image_builder_contract-5974e99827fb1a9b)
     Running tests/project_pack.rs (/private/tmp/t377-cargo-target/debug/deps/project_pack-ae1bd8c546403c0f)
     Running tests/python_bindings.rs (/private/tmp/t377-cargo-target/debug/deps/python_bindings-b01a69add933ec79)
     Running tests/roche_sandbox_contract.rs (/private/tmp/t377-cargo-target/debug/deps/roche_sandbox_contract-b2fd92fba1929a36)
     Running tests/runtime_api.rs (/private/tmp/t377-cargo-target/debug/deps/runtime_api-a644c8b7018ea81f)
     Running tests/t372_original_mathutils_oracle.rs (/private/tmp/t377-cargo-target/debug/deps/t372_original_mathutils_oracle-c94541bb7c2d1dfb)
     Running tests/zero_python_runtime_contract.rs (/private/tmp/t377-cargo-target/debug/deps/zero_python_runtime_contract-9bddd92b4c207ec1)
   Doc-tests castor_kernel
