   Compiling libc v0.2.189
   Compiling proc-macro2 v1.0.107
   Compiling quote v1.0.47
   Compiling unicode-ident v1.0.24
   Compiling cfg-if v1.0.4
   Compiling version_check v0.9.5
   Compiling pin-project-lite v0.2.17
   Compiling itoa v1.0.18
   Compiling bytes v1.12.1
   Compiling find-msvc-tools v0.1.14
   Compiling shlex v2.0.1
   Compiling pkg-config v0.3.34
   Compiling futures-core v0.3.34
   Compiling bitflags v2.13.1
   Compiling typenum v1.20.1
   Compiling once_cell v1.21.4
   Compiling getrandom v0.4.3
   Compiling autocfg v1.5.1
   Compiling generic-array v0.14.7
   Compiling http v1.5.0
   Compiling rustix v1.1.4
   Compiling httparse v1.10.1
   Compiling serde_core v1.0.229
   Compiling indexmap v1.9.3
   Compiling verus_prettyplease v0.0.0-2026-05-31-0205
   Compiling zmij v1.0.23
   Compiling try-lock v0.2.5
   Compiling cfg_aliases v0.2.2
   Compiling nix v0.29.0
   Compiling want v0.3.1
   Compiling http-body v1.1.0
   Compiling tracing-core v0.1.36
   Compiling futures-channel v0.3.34
   Compiling hashbrown v0.12.3
   Compiling jobserver v0.1.35
   Compiling block-buffer v0.10.4
   Compiling crypto-common v0.1.7
   Compiling atomic-waker v1.1.2
   Compiling thiserror v2.0.20
   Compiling serde v1.0.229
   Compiling errno v0.3.14
   Compiling mio v1.2.3
   Compiling cc v1.5.1
   Compiling signal-hook-registry v1.4.8
   Compiling socket2 v0.6.5
   Compiling syn v3.0.4
   Compiling verus_syn v0.0.0-2026-05-31-0205
   Compiling syn v2.0.119
   Compiling subtle v2.6.1
   Compiling zstd-safe v7.3.0
   Compiling option-ext v0.2.0
   Compiling serde_json v1.0.151
   Compiling smallvec v1.16.0
   Compiling futures-task v0.3.34
   Compiling crc32fast v1.5.1
   Compiling dirs-sys v0.5.0
   Compiling digest v0.10.7
   Compiling futures-util v0.3.34
   Compiling tracing v0.1.44
   Compiling vstd v0.0.0-2026-07-12-0122
   Compiling tower-service v0.3.3
   Compiling adler2 v2.0.1
   Compiling simd-adler32 v0.3.10
   Compiling memchr v2.8.3
   Compiling xattr v1.6.1
   Compiling miniz_oxide v0.9.1
   Compiling dirs v6.0.0
   Compiling uuid v1.26.0
   Compiling filetime v0.2.29
   Compiling cpufeatures v0.2.17
   Compiling http-body-util v0.1.5
   Compiling zstd-sys v2.1.0+zstd.1.5.7
   Compiling verus_builtin v0.0.0-2026-05-17-0151
   Compiling fastrand v2.5.0
   Compiling tar v0.4.46
   Compiling flate2 v1.1.10
   Compiling sha2 v0.10.9
   Compiling hmac v0.12.1
   Compiling tempfile v3.27.0
   Compiling tokio-macros v2.7.2
   Compiling thiserror-impl v2.0.20
   Compiling serde_derive v1.0.229
   Compiling synstructure v0.13.2
   Compiling tokio v1.53.1
   Compiling verus_state_machines_macros v0.0.0-2026-06-14-0213
   Compiling verus_builtin_macros v0.0.0-2026-07-12-0122
   Compiling zstd v0.13.3
   Compiling hyper v1.11.1
   Compiling hyper-util v0.1.20
   Compiling roche-core v0.6.0 (https://github.com/substratum-labs/roche.git?rev=039d9125c5acec38751c3a6434446f4a21e68afc#039d9125)
   Compiling castor-kernel v0.1.0 (/Users/yong/projects/substratum/castor/.worktrees/t377-zero-model-replay/kernel)
    Finished `test` profile [unoptimized + debuginfo] target(s) in 8.92s
     Running tests/t372_original_mathutils_oracle.rs (/private/tmp/castor-t372-replay.SzLu0i/build/debug/deps/t372_original_mathutils_oracle-c94541bb7c2d1dfb)

running 1 test
test original_bits_regression_is_red_then_green_inside_isolated_verifier ... ok

test result: ok. 1 passed; 0 failed; 0 ignored; 0 measured; 0 filtered out; finished in 3.01s

